// Jest Snapshot v1, https://goo.gl/fbAQLP

exports[`should generate a simple name from a noise 1`] = `"helsaad"`;
